// Jest Snapshot v1, https://goo.gl/fbAQLP

exports[`<Link/> render testing render normal 1`] = `null`;
