// Jest Snapshot v1, https://goo.gl/fbAQLP

exports[`<Tags/> render testing render normal 1`] = `null`;
