// Jest Snapshot v1, https://goo.gl/fbAQLP

exports[`<FeedsHomePage/> render testing render normal 1`] = `null`;
