// Jest Snapshot v1, https://goo.gl/fbAQLP

exports[`<FeedsViewUIStyle417/> render testing render normal 1`] = `null`;
