// Jest Snapshot v1, https://goo.gl/fbAQLP

exports[`<FeedsViewUIStyle430/> render testing render normal 1`] = `null`;
