// Jest Snapshot v1, https://goo.gl/fbAQLP

exports[`<FeedsViewUIStyle8/> render testing render normal 1`] = `null`;
