// Jest Snapshot v1, https://goo.gl/fbAQLP

exports[`<FeedsViewUIStyle436 /> render testing render welfare card 1`] = `
<div
  nativeName="View"
  onClick={[Function]}
  onLayout={[Function]}
  style={
    Array [
      Object {
        "overflow": "hidden",
      },
      Object {
        "height": 150,
        "marginTop": 16,
      },
    ]
  }
>
  <img
    alt=""
    nativeName="Image"
    src="https://novel.imqq.com/ricoxiao/1621412327/bg_back_welfare.png"
    style={
      Object {
        "0": Object {
          "flex": 1,
          "resizeMode": "cover",
        },
        "1": Object {
          "height": 0,
        },
      }
    }
  />
  <div
    nativeName="View"
    style={
      Array [
        Object {
          "backgroundColor": "#997649",
          "borderRadius": 12,
          "marginLeft": 12,
          "marginRight": 12,
        },
        Object {
          "marginTop": -0,
        },
      ]
    }
  >
    <div
      nativeName="View"
      style={
        Object {
          "borderRadius": 12,
          "height": 150,
          "justifyContent": "space-between",
          "overflow": "hidden",
          "paddingLeft": 14,
          "paddingRight": 14,
          "paddingTop": 16,
          "resizeMode": "cover",
        }
      }
    >
      <img
        alt=""
        nativeName="Image"
        src="https://novel.imqq.com/ricoxiao/1621436847/welfare-card-bg.png"
        style={
          Array [
            Object {
              "bottom": 0,
              "height": 150,
              "left": 0,
              "position": "absolute",
              "right": 0,
              "top": 0,
              "width": undefined,
            },
            undefined,
          ]
        }
      />
      <div
        nativeName="View"
        style={
          Object {
            "flexDirection": "row",
            "height": 20,
            "justifyContent": "space-between",
          }
        }
      >
        <div
          nativeName="View"
          style={
            Object {
              "alignItems": "center",
              "backgroundColor": "#FFFFFF20",
              "borderRadius": 10,
              "flexDirection": "row",
              "height": 20,
              "width": 154,
            }
          }
        >
          <img
            alt=""
            nativeName="Image"
            src="https://thirdqq.qlogo.cn/g?b=sdk&k=KFoALoWw8z4ABic1ypusOQQ&s=640&t=1585262294"
            style={
              Object {
                "borderRadius": 8,
                "height": 16,
                "marginLeft": 2,
                "width": 16,
              }
            }
          />
          <p
            nativeName="Text"
            numberOfLines={1}
            style={
              Object {
                "colors": Array [
                  "rgba(0, 0, 0, 0.5)",
                  "#635647",
                  "rgba(0, 0, 0, 0.5)",
                  "#635647",
                ],
                "fontSize": 12,
                "lineHeight": 20,
                "marginLeft": 4,
                "maxWidth": 130,
                "paddingRight": 2,
              }
            }
            text="♥*♠ 抽中王者礼包"
          >
            ♥*♠ 抽中王者礼包
          </p>
        </div>
        <div
          nativeName="View"
          style={
            Object {
              "flexDirection": "row",
            }
          }
        >
          <p
            nativeName="Text"
            style={
              Object {
                "colors": Array [
                  "rgba(0, 0, 0, 0.5)",
                  "#635647",
                  "rgba(0, 0, 0, 0.5)",
                  "#635647",
                ],
                "fontSize": 12,
                "lineHeight": 20,
                "marginRight": 4,
              }
            }
            text="限时"
          >
            限时
          </p>
          <div
            nativeName="View"
            style={
              Array [
                Object {
                  "flexDirection": "row",
                  "justifyContent": "center",
                  "width": 80,
                },
                Object {},
              ]
            }
          >
            <p
              nativeName="Text"
              style={
                Object {
                  "backgroundColors": Array [
                    "#ffffffff",
                    "#31363bff",
                    "#ffffffff",
                    "#31363bff",
                  ],
                  "borderRadius": 4,
                  "colors": Array [
                    "#000000",
                    "#686D74",
                    "#000000",
                    "#ffffff",
                  ],
                  "fontFamily": "DINNextLTPro-Medium",
                  "fontSize": 12,
                  "fontWeight": "bold",
                  "height": 20,
                  "lineHeight": 19,
                  "overflow": "hidden",
                  "textAlign": "center",
                  "width": 18,
                }
              }
              text="14"
            >
              14
            </p>
            <div
              nativeName="View"
              style={
                Object {
                  "alignItems": "center",
                  "justifyContent": "center",
                  "width": 8,
                }
              }
            >
              <div
                nativeName="View"
                style={
                  Array [
                    Object {
                      "backgroundColors": Array [
                        "#000000",
                        "#686D74",
                        "#000000",
                        "#ffffff",
                      ],
                      "borderRadius": 1,
                      "height": 2,
                      "marginTop": 2,
                      "width": 2,
                    },
                    Object {
                      "marginTop": 0,
                    },
                  ]
                }
              />
              <div
                nativeName="View"
                style={
                  Array [
                    Object {
                      "backgroundColors": Array [
                        "#000000",
                        "#686D74",
                        "#000000",
                        "#ffffff",
                      ],
                      "borderRadius": 1,
                      "height": 2,
                      "marginTop": 2,
                      "width": 2,
                    },
                    Object {
                      "marginTop": 2,
                    },
                  ]
                }
              />
            </div>
            <p
              nativeName="Text"
              style={
                Object {
                  "backgroundColors": Array [
                    "#ffffffff",
                    "#31363bff",
                    "#ffffffff",
                    "#31363bff",
                  ],
                  "borderRadius": 4,
                  "colors": Array [
                    "#000000",
                    "#686D74",
                    "#000000",
                    "#ffffff",
                  ],
                  "fontFamily": "DINNextLTPro-Medium",
                  "fontSize": 12,
                  "fontWeight": "bold",
                  "height": 20,
                  "lineHeight": 19,
                  "overflow": "hidden",
                  "textAlign": "center",
                  "width": 18,
                }
              }
              text="36"
            >
              36
            </p>
            <div
              nativeName="View"
              style={
                Object {
                  "alignItems": "center",
                  "justifyContent": "center",
                  "width": 8,
                }
              }
            >
              <div
                nativeName="View"
                style={
                  Array [
                    Object {
                      "backgroundColors": Array [
                        "#000000",
                        "#686D74",
                        "#000000",
                        "#ffffff",
                      ],
                      "borderRadius": 1,
                      "height": 2,
                      "marginTop": 2,
                      "width": 2,
                    },
                    Object {
                      "marginTop": 0,
                    },
                  ]
                }
              />
              <div
                nativeName="View"
                style={
                  Array [
                    Object {
                      "backgroundColors": Array [
                        "#000000",
                        "#686D74",
                        "#000000",
                        "#ffffff",
                      ],
                      "borderRadius": 1,
                      "height": 2,
                      "marginTop": 2,
                      "width": 2,
                    },
                    Object {
                      "marginTop": 2,
                    },
                  ]
                }
              />
            </div>
            <p
              nativeName="Text"
              style={
                Object {
                  "backgroundColors": Array [
                    "#ffffffff",
                    "#31363bff",
                    "#ffffffff",
                    "#31363bff",
                  ],
                  "borderRadius": 4,
                  "colors": Array [
                    "#000000",
                    "#686D74",
                    "#000000",
                    "#ffffff",
                  ],
                  "fontFamily": "DINNextLTPro-Medium",
                  "fontSize": 12,
                  "fontWeight": "bold",
                  "height": 20,
                  "lineHeight": 19,
                  "overflow": "hidden",
                  "textAlign": "center",
                  "width": 18,
                }
              }
              text="30"
            >
              30
            </p>
          </div>
        </div>
      </div>
      <div
        nativeName="View"
        style={
          Object {
            "alignItems": "center",
            "flexDirection": "row",
            "justifyContent": "space-between",
          }
        }
      >
        <img
          alt=""
          nativeName="Image"
          src="https://novel.imqq.com/ricoxiao/1621863954/tencent_vip_big.png"
          style={
            Object {
              "height": 100,
              "marginLeft": 2,
              "resizeMode": "contain",
              "width": 93,
            }
          }
        />
        <div
          nativeName="View"
          style={
            Object {
              "alignItems": "center",
            }
          }
        >
          <img
            alt=""
            nativeName="Image"
            src="https://novel.imqq.com/ricoxiao/1621863954/coin.png"
            style={
              Object {
                "height": 50,
                "width": 50,
              }
            }
          />
          <div
            nativeName="View"
            style={
              Object {
                "borderRadius": 10,
                "height": 20,
                "justifyContent": "center",
                "marginTop": 4,
                "paddingBottom": 2.5,
                "paddingLeft": 8,
                "paddingRight": 8,
                "paddingTop": 2.5,
              }
            }
          >
            <img
              alt=""
              nativeName="Image"
              src="https://novel.imqq.com/ricoxiao/1621949413/award_btn_bg.png"
              style={
                Array [
                  Object {
                    "bottom": 0,
                    "height": 20,
                    "left": 0,
                    "position": "absolute",
                    "right": 0,
                    "top": 0,
                    "width": undefined,
                  },
                  undefined,
                ]
              }
            />
            <p
              nativeName="Text"
              style={
                Object {
                  "colors": Array [
                    "#ffffffff",
                    "#31363bff",
                    "#ffffffff",
                    "#31363bff",
                  ],
                  "fontSize": 11,
                  "textAlign": "center",
                }
              }
              text="快乐金币"
            >
              快乐金币
            </p>
          </div>
        </div>
        <div
          nativeName="View"
          style={
            Object {
              "alignItems": "center",
            }
          }
        >
          <img
            alt=""
            nativeName="Image"
            src="https://novel.imqq.com/ricoxiao/1621863954/lottery_package.png"
            style={
              Object {
                "height": 50,
                "width": 50,
              }
            }
          />
          <div
            nativeName="View"
            style={
              Object {
                "borderRadius": 10,
                "height": 20,
                "justifyContent": "center",
                "marginTop": 4,
                "paddingBottom": 2.5,
                "paddingLeft": 8,
                "paddingRight": 8,
                "paddingTop": 2.5,
              }
            }
          >
            <img
              alt=""
              nativeName="Image"
              src="https://novel.imqq.com/ricoxiao/1621949413/award_btn_bg.png"
              style={
                Array [
                  Object {
                    "bottom": 0,
                    "height": 20,
                    "left": 0,
                    "position": "absolute",
                    "right": 0,
                    "top": 0,
                    "width": undefined,
                  },
                  undefined,
                ]
              }
            />
            <p
              nativeName="Text"
              style={
                Object {
                  "colors": Array [
                    "#ffffffff",
                    "#31363bff",
                    "#ffffffff",
                    "#31363bff",
                  ],
                  "fontSize": 11,
                  "textAlign": "center",
                }
              }
              text="王者礼包"
            >
              王者礼包
            </p>
          </div>
        </div>
        <div
          nativeName="View"
          style={
            Object {
              "alignItems": "center",
            }
          }
        >
          <img
            alt=""
            nativeName="Image"
            src="https://novel.imqq.com/ricoxiao/1621863954/magic_gift.png"
            style={
              Object {
                "height": 50,
                "width": 50,
              }
            }
          />
          <div
            nativeName="View"
            style={
              Object {
                "borderRadius": 10,
                "height": 20,
                "justifyContent": "center",
                "marginTop": 4,
                "paddingBottom": 2.5,
                "paddingLeft": 8,
                "paddingRight": 8,
                "paddingTop": 2.5,
              }
            }
          >
            <img
              alt=""
              nativeName="Image"
              src="https://novel.imqq.com/ricoxiao/1621949413/award_btn_bg.png"
              style={
                Array [
                  Object {
                    "bottom": 0,
                    "height": 20,
                    "left": 0,
                    "position": "absolute",
                    "right": 0,
                    "top": 0,
                    "width": undefined,
                  },
                  undefined,
                ]
              }
            />
            <p
              nativeName="Text"
              style={
                Object {
                  "colors": Array [
                    "#ffffffff",
                    "#31363bff",
                    "#ffffffff",
                    "#31363bff",
                  ],
                  "fontSize": 11,
                  "textAlign": "center",
                }
              }
              text="神秘礼包"
            >
              神秘礼包
            </p>
          </div>
        </div>
      </div>
    </div>
  </div>
</div>
`;
