// Jest Snapshot v1, https://goo.gl/fbAQLP

exports[`<FeedsViewUIStyle440/> render testing render style440 1`] = `null`;
