// Jest Snapshot v1, https://goo.gl/fbAQLP

exports[`render floating should render floating success 1`] = `null`;
